// Jest Snapshot v1, https://goo.gl/fbAQLP

exports[`Messages component renders the UI as expected 1`] = `
<div
  className="Card"
>
  <h3 />
  <p />
</div>
`;

exports[`Messages component renders the UI as expected with no unreads 1`] = `
<div
  className="Card"
>
  <h3 />
  <p />
</div>
`;
